// Vitest Snapshot v1, https://vitest.dev/guide/snapshot.html

exports[`Shop Page > Should render the shop page 1`] = `<div />`;
